<html>
<body>
<pre>
<h1>µVision Build Log</h1>
<h2>Project:</h2>
C:\Users\salim\Downloads\Lab5\Lab5\MAX5353.uvproj
Project File Date:  10/04/2016

<h2>Output:</h2>
Rebuild target 'MAX5353'
assembling startup.s...
compiling SysTick.c...
compiling PLL.c...
compiling Switch.c...
compiling Music.c...
compiling Timer0A.c...
compiling DAC.c...
compiling main.c...
linking...
Program Size: Code=2480 RO-data=544 RW-data=724 ZI-data=1140  
".\MAX5353.axf" - 0 Error(s), 0 Warning(s).
Load "C:\\Users\\salim\\Downloads\\Lab5\\Lab5\\MAX5353.axf" 
Connecting: Mode=JTAG, Speed=1000000Hz
Erase Done.
Programming Done.
Verify OK.
Load "C:\\Users\\salim\\Downloads\\Lab5\\Lab5\\MAX5353.axf" 
Connecting: Mode=JTAG, Speed=1000000Hz
Erase Done.
Programming Done.
Verify OK.
</pre>
</body>
</html>
ymbol Timer2_Init (referred from main.o).
Not enough information to list image symbols.
Finished: 1 information, 0 warning and 1 error messages.
".\MAX5353.axf" - 1 Error(s), 3 Warning(s).
Target not created
