<html>
<body>
<pre>
<h1>µVision Build Log</h1>
<h2>Project:</h2>
C:\Users\salim\Documents\445L\445L\lab5\MAX5353.uvproj
Project File Date:  10/03/2016

<h2>Output:</h2>
Rebuild target 'MAX5353'
assembling startup.s...
compiling MAX5353.c...
compiling MAX5353TestMain.c...
compiling SysTick.c...
compiling Timer0A.c...
compiling Switch.c...
compiling DAC.c...
compiling Music.c...
compiling PLL.c...
compiling Player.c...
linking...
Program Size: Code=1460 RO-data=16 RW-data=0 ZI-data=1120  
".\MAX5353.axf" - 0 Error(s), 0 Warning(s).
</pre>
</body>
</html>
ch.h(108): warning:  #1-D: last line of file ends without a newline
  void Switch_Poll(void);
Player.c: 1 warning, 0 errors
linking...
Program Size: Code=1460 RO-data=16 RW-data=0 ZI-data=1120  
".\MAX5353.axf" - 0 Error(s), 2 Warning(s).
efined (by dac.o and max5353.o).
Not enough information to list image symbols.
Not enough information to list the image map.
Finished: 2 information, 0 warning and 2 error messages.
".\MAX5353.axf" - 2 Error(s), 2 Warning(s).
Target not created
