<html>
<body>
<pre>
<h1>µVision Build Log</h1>
<h2>Project:</h2>
C:\Users\salim\Documents\445L\445L\lab2\ADCSWTrigger.uvproj
Project File Date:  09/13/2016

<h2>Output:</h2>
Rebuild target 'ADCSWTrigger'
assembling startup.s...
compiling ADCSWTrigger.c...
compiling ADCTestMain.c...
Timer1.h(34): warning:  #1295-D: Deprecated declaration Timer1_Init - give arg types
  void Timer1_Init();
ADCTestMain.c(147): warning:  #550-D: variable "jitter" was set but never used
        uint32_t jitter = 0;
ADCTestMain.c: 2 warnings, 0 errors
compiling PLL.c...
compiling Timer1.c...
compiling ST7735.c...
linking...
Program Size: Code=2064 RO-data=32 RW-data=12 ZI-data=25500  
".\ADCSWTrigger.axf" - 0 Error(s), 2 Warning(s).
</pre>
</body>
</html>
