ARM Linker, 5.03 [Build 76] [MDK-ARM Lite]

==============================================================================

Section Cross References

    main.o(i.Crash) refers to led.o(i.LED_RedToggle) for LED_RedToggle
    main.o(i.SimpleLinkGeneralEventHandler) refers to uartstdio.o(i.UARTprintf) for UARTprintf
    main.o(i.SimpleLinkHttpServerCallback) refers to uartstdio.o(i.UARTprintf) for UARTprintf
    main.o(i.SimpleLinkNetAppEventHandler) refers to uartstdio.o(i.UARTprintf) for UARTprintf
    main.o(i.SimpleLinkNetAppEventHandler) refers to main.o(.data) for .data
    main.o(i.SimpleLinkSockEventHandler) refers to uartstdio.o(i.UARTprintf) for UARTprintf
    main.o(i.SimpleLinkSockEventHandler) refers to main.o(.constdata) for .constdata
    main.o(i.SimpleLinkWlanEventHandler) refers to uartstdio.o(i.UARTprintf) for UARTprintf
    main.o(i.SimpleLinkWlanEventHandler) refers to main.o(.data) for .data
    main.o(i.UART_Init) refers to sysctl.o(i.SysCtlPeripheralEnable) for SysCtlPeripheralEnable
    main.o(i.UART_Init) refers to gpio.o(i.GPIOPinConfigure) for GPIOPinConfigure
    main.o(i.UART_Init) refers to gpio.o(i.GPIOPinTypeUART) for GPIOPinTypeUART
    main.o(i.UART_Init) refers to uartstdio.o(i.UARTStdioConfig) for UARTStdioConfig
    main.o(i.configureSimpleLinkToDefaultState) refers to memseta.o(.text) for __aeabi_memclr4
    main.o(i.configureSimpleLinkToDefaultState) refers to device.o(i.sl_Start) for sl_Start
    main.o(i.configureSimpleLinkToDefaultState) refers to wlan.o(i.sl_WlanSetMode) for sl_WlanSetMode
    main.o(i.configureSimpleLinkToDefaultState) refers to device.o(i.sl_Stop) for sl_Stop
    main.o(i.configureSimpleLinkToDefaultState) refers to device.o(i.sl_DevGet) for sl_DevGet
    main.o(i.configureSimpleLinkToDefaultState) refers to wlan.o(i.sl_WlanPolicySet) for sl_WlanPolicySet
    main.o(i.configureSimpleLinkToDefaultState) refers to wlan.o(i.sl_WlanProfileDel) for sl_WlanProfileDel
    main.o(i.configureSimpleLinkToDefaultState) refers to wlan.o(i.sl_WlanDisconnect) for sl_WlanDisconnect
    main.o(i.configureSimpleLinkToDefaultState) refers to netcfg.o(i.sl_NetCfgSet) for sl_NetCfgSet
    main.o(i.configureSimpleLinkToDefaultState) refers to wlan.o(i.sl_WlanSet) for sl_WlanSet
    main.o(i.configureSimpleLinkToDefaultState) refers to netapp.o(i.sl_NetAppMDNSUnRegisterService) for sl_NetAppMDNSUnRegisterService
    main.o(i.configureSimpleLinkToDefaultState) refers to main.o(.data) for .data
    main.o(i.configureSimpleLinkToDefaultState) refers to main.o(.bss) for .bss
    main.o(i.main) refers to board.o(i.initClk) for initClk
    main.o(i.main) refers to main.o(i.UART_Init) for UART_Init
    main.o(i.main) refers to led.o(i.LED_Init) for LED_Init
    main.o(i.main) refers to uartstdio.o(i.UARTprintf) for UARTprintf
    main.o(i.main) refers to main.o(i.configureSimpleLinkToDefaultState) for configureSimpleLinkToDefaultState
    main.o(i.main) refers to device.o(i.sl_Start) for sl_Start
    main.o(i.main) refers to main.o(i.Crash) for Crash
    main.o(i.main) refers to wlan.o(i.sl_WlanConnect) for sl_WlanConnect
    main.o(i.main) refers to nonos.o(i._SlNonOsMainLoopTask) for _SlNonOsMainLoopTask
    main.o(i.main) refers to strcpy.o(.text) for strcpy
    main.o(i.main) refers to strlen.o(.text) for strlen
    main.o(i.main) refers to netapp.o(i.sl_NetAppDnsGetHostByName) for sl_NetAppDnsGetHostByName
    main.o(i.main) refers to socket.o(i.sl_Htons) for sl_Htons
    main.o(i.main) refers to socket.o(i.sl_Htonl) for sl_Htonl
    main.o(i.main) refers to socket.o(i.sl_Socket) for sl_Socket
    main.o(i.main) refers to socket.o(i.sl_Connect) for sl_Connect
    main.o(i.main) refers to socket.o(i.sl_Send) for sl_Send
    main.o(i.main) refers to socket.o(i.sl_Recv) for sl_Recv
    main.o(i.main) refers to socket.o(i.sl_Close) for sl_Close
    main.o(i.main) refers to led.o(i.LED_GreenOn) for LED_GreenOn
    main.o(i.main) refers to temperatureparsing.o(i.Temp_Num_Start_Pntr) for Temp_Num_Start_Pntr
    main.o(i.main) refers to main.o(i.Fixed_Length_Str) for Fixed_Length_Str
    main.o(i.main) refers to led.o(i.Board_Input) for Board_Input
    main.o(i.main) refers to led.o(i.LED_GreenOff) for LED_GreenOff
    main.o(i.main) refers to main.o(.data) for .data
    main.o(i.main) refers to main.o(.bss) for .bss
    main.o(i.main) refers to main.o(.constdata) for .constdata
    board.o(i.CC3100_InterruptDisable) refers to gpio.o(i.GPIOIntDisable) for GPIOIntDisable
    board.o(i.CC3100_InterruptEnable) refers to gpio.o(i.GPIOIntEnable) for GPIOIntEnable
    board.o(i.CC3100_disable) refers to gpio.o(i.GPIOPinWrite) for GPIOPinWrite
    board.o(i.CC3100_enable) refers to gpio.o(i.GPIOPinWrite) for GPIOPinWrite
    board.o(i.Delay) refers to sysctl.o(i.SysCtlClockGet) for SysCtlClockGet
    board.o(i.Delay) refers to sysctl.o(.emb_text) for SysCtlDelay
    board.o(i.GPIOB_intHandler) refers to gpio.o(i.GPIOIntStatus) for GPIOIntStatus
    board.o(i.GPIOB_intHandler) refers to gpio.o(i.GPIOIntClear) for GPIOIntClear
    board.o(i.GPIOB_intHandler) refers to board.o(.data) for .data
    board.o(i.MaskIntHdlr) refers to board.o(.data) for .data
    board.o(i.UART1_intHandler) refers to uart.o(i.UARTIntStatus) for UARTIntStatus
    board.o(i.UART1_intHandler) refers to uart.o(i.UARTIntClear) for UARTIntClear
    board.o(i.UnMaskIntHdlr) refers to board.o(.data) for .data
    board.o(i.initClk) refers to fpu.o(i.FPUEnable) for FPUEnable
    board.o(i.initClk) refers to fpu.o(i.FPULazyStackingEnable) for FPULazyStackingEnable
    board.o(i.initClk) refers to sysctl.o(i.SysCtlClockSet) for SysCtlClockSet
    board.o(i.registerInterruptHandler) refers to board.o(.data) for .data
    nokia5110.o(i.Nokia5110_Clear) refers to nokia5110.o(i.lcdwrite) for lcdwrite
    nokia5110.o(i.Nokia5110_Clear) refers to nokia5110.o(i.Nokia5110_SetCursor) for Nokia5110_SetCursor
    nokia5110.o(i.Nokia5110_ClearBuffer) refers to nokia5110.o(.bss) for .bss
    nokia5110.o(i.Nokia5110_ClrPxl) refers to nokia5110.o(.bss) for .bss
    nokia5110.o(i.Nokia5110_ClrPxl) refers to nokia5110.o(.constdata) for .constdata
    nokia5110.o(i.Nokia5110_DisplayBuffer) refers to nokia5110.o(i.Nokia5110_DrawFullImage) for Nokia5110_DrawFullImage
    nokia5110.o(i.Nokia5110_DisplayBuffer) refers to nokia5110.o(.bss) for .bss
    nokia5110.o(i.Nokia5110_DrawFullImage) refers to nokia5110.o(i.Nokia5110_SetCursor) for Nokia5110_SetCursor
    nokia5110.o(i.Nokia5110_DrawFullImage) refers to nokia5110.o(i.lcdwrite) for lcdwrite
    nokia5110.o(i.Nokia5110_Init) refers to nokia5110.o(i.lcdwrite) for lcdwrite
    nokia5110.o(i.Nokia5110_OutChar) refers to nokia5110.o(i.lcdwrite) for lcdwrite
    nokia5110.o(i.Nokia5110_OutChar) refers to nokia5110.o(i.Nokia5110_SetCursor) for Nokia5110_SetCursor
    nokia5110.o(i.Nokia5110_OutChar) refers to nokia5110.o(.data) for .data
    nokia5110.o(i.Nokia5110_OutChar) refers to nokia5110.o(.constdata) for .constdata
    nokia5110.o(i.Nokia5110_OutString) refers to nokia5110.o(i.Nokia5110_OutChar) for Nokia5110_OutChar
    nokia5110.o(i.Nokia5110_OutUDec) refers to nokia5110.o(i.Nokia5110_OutString) for Nokia5110_OutString
    nokia5110.o(i.Nokia5110_OutUDec) refers to nokia5110.o(i.Nokia5110_OutChar) for Nokia5110_OutChar
    nokia5110.o(i.Nokia5110_PrintBMP) refers to nokia5110.o(.bss) for .bss
    nokia5110.o(i.Nokia5110_SetCursor) refers to nokia5110.o(i.lcdwrite) for lcdwrite
    nokia5110.o(i.Nokia5110_SetCursor) refers to nokia5110.o(.data) for .data
    nokia5110.o(i.Nokia5110_SetPxl) refers to nokia5110.o(.bss) for .bss
    nokia5110.o(i.Nokia5110_SetPxl) refers to nokia5110.o(.constdata) for .constdata
    device.o(i._SlDrvDeviceEventHandler) refers to device.o(i._sl_HandleAsync_InitComplete) for _sl_HandleAsync_InitComplete
    device.o(i._SlDrvDeviceEventHandler) refers to device.o(i._sl_HandleAsync_Stop) for _sl_HandleAsync_Stop
    device.o(i._sl_HandleAsync_InitComplete) refers to nonos.o(i._SlNonOsSemGet) for _SlNonOsSemGet
    device.o(i._sl_HandleAsync_InitComplete) refers to device.o(i.GetStartResponseConvert) for GetStartResponseConvert
    device.o(i._sl_HandleAsync_InitComplete) refers to nonos.o(i._SlNonOsSemSet) for _SlNonOsSemSet
    device.o(i._sl_HandleAsync_InitComplete) refers to driver.o(i._SlDrvReleasePoolObj) for _SlDrvReleasePoolObj
    device.o(i._sl_HandleAsync_InitComplete) refers to driver.o(.data) for g_pCB
    device.o(i._sl_HandleAsync_Stop) refers to nonos.o(i._SlNonOsSemGet) for _SlNonOsSemGet
    device.o(i._sl_HandleAsync_Stop) refers to nonos.o(i._SlNonOsSemSet) for _SlNonOsSemSet
    device.o(i._sl_HandleAsync_Stop) refers to driver.o(.data) for g_pCB
    device.o(i.sl_DevGet) refers to driver.o(i._SlDrvCmdOp) for _SlDrvCmdOp
    device.o(i.sl_DevGet) refers to device.o(.constdata) for .constdata
    device.o(i.sl_DevSet) refers to driver.o(i._SlDrvCmdOp) for _SlDrvCmdOp
    device.o(i.sl_DevSet) refers to device.o(.constdata) for .constdata
    device.o(i.sl_EventMaskGet) refers to driver.o(i._SlDrvCmdOp) for _SlDrvCmdOp
    device.o(i.sl_EventMaskGet) refers to device.o(.constdata) for .constdata
    device.o(i.sl_EventMaskSet) refers to driver.o(i._SlDrvCmdOp) for _SlDrvCmdOp
    device.o(i.sl_EventMaskSet) refers to device.o(.constdata) for .constdata
    device.o(i.sl_Start) refers to driver.o(i._SlDrvDriverCBInit) for _SlDrvDriverCBInit
    device.o(i.sl_Start) refers to driver.o(i._SlDrvWaitForPoolObj) for _SlDrvWaitForPoolObj
    device.o(i.sl_Start) refers to nonos.o(i._SlNonOsSemGet) for _SlNonOsSemGet
    device.o(i.sl_Start) refers to spi.o(i.spi_Open) for spi_Open
    device.o(i.sl_Start) refers to nonos.o(i._SlNonOsSemSet) for _SlNonOsSemSet
    device.o(i.sl_Start) refers to board.o(i.CC3100_disable) for CC3100_disable
    device.o(i.sl_Start) refers to board.o(i.registerInterruptHandler) for registerInterruptHandler
    device.o(i.sl_Start) refers to board.o(i.CC3100_enable) for CC3100_enable
    device.o(i.sl_Start) refers to driver.o(i._SlDrvReleasePoolObj) for _SlDrvReleasePoolObj
    device.o(i.sl_Start) refers to device.o(i.GetStartResponseConvert) for GetStartResponseConvert
    device.o(i.sl_Start) refers to driver.o(.data) for g_pCB
    device.o(i.sl_Start) refers to driver.o(i._SlDrvRxIrqHandler) for _SlDrvRxIrqHandler
    device.o(i.sl_Stop) refers to driver.o(i._SlDrvWaitForPoolObj) for _SlDrvWaitForPoolObj
    device.o(i.sl_Stop) refers to nonos.o(i._SlNonOsSemGet) for _SlNonOsSemGet
    device.o(i.sl_Stop) refers to board.o(i.registerInterruptHandler) for registerInterruptHandler
    device.o(i.sl_Stop) refers to board.o(i.CC3100_disable) for CC3100_disable
    device.o(i.sl_Stop) refers to spi.o(i.spi_Close) for spi_Close
    device.o(i.sl_Stop) refers to nonos.o(i._SlNonOsSemSet) for _SlNonOsSemSet
    device.o(i.sl_Stop) refers to driver.o(i._SlDrvCmdOp) for _SlDrvCmdOp
    device.o(i.sl_Stop) refers to driver.o(i._SlDrvReleasePoolObj) for _SlDrvReleasePoolObj
    device.o(i.sl_Stop) refers to driver.o(i._SlDrvDriverCBDeinit) for _SlDrvDriverCBDeinit
    device.o(i.sl_Stop) refers to driver.o(.data) for g_pCB
    device.o(i.sl_Stop) refers to device.o(.constdata) for .constdata
    device.o(i.sl_Task) refers to nonos.o(i._SlNonOsMainLoopTask) for _SlNonOsMainLoopTask
    driver.o(i._SlAsyncEventGenericHandler) refers to memcpya.o(.text) for __aeabi_memcpy
    driver.o(i._SlAsyncEventGenericHandler) refers to memseta.o(.text) for __aeabi_memclr4
    driver.o(i._SlAsyncEventGenericHandler) refers to netapp.o(i._sl_HandleAsync_PingResponse) for _sl_HandleAsync_PingResponse
    driver.o(i._SlAsyncEventGenericHandler) refers to driver.o(.data) for .data
    driver.o(i._SlDrvBasicCmd) refers to driver.o(i._SlDrvCmdOp) for _SlDrvCmdOp
    driver.o(i._SlDrvClassifyRxMsg) refers to driver.o(.data) for .data
    driver.o(i._SlDrvClassifyRxMsg) refers to netapp.o(i._SlDrvNetAppEventHandler) for _SlDrvNetAppEventHandler
    driver.o(i._SlDrvClassifyRxMsg) refers to device.o(i._SlDrvDeviceEventHandler) for _SlDrvDeviceEventHandler
    driver.o(i._SlDrvClassifyRxMsg) refers to main.o(i.SimpleLinkWlanEventHandler) for SimpleLinkWlanEventHandler
    driver.o(i._SlDrvClassifyRxMsg) refers to main.o(i.SimpleLinkNetAppEventHandler) for SimpleLinkNetAppEventHandler
    driver.o(i._SlDrvCmdOp) refers to nonos.o(i._SlNonOsSemGet) for _SlNonOsSemGet
    driver.o(i._SlDrvCmdOp) refers to driver.o(i._SlDrvMsgWrite) for _SlDrvMsgWrite
    driver.o(i._SlDrvCmdOp) refers to nonos.o(i._SlNonOsSemSet) for _SlNonOsSemSet
    driver.o(i._SlDrvCmdOp) refers to driver.o(i._SlDrvMsgReadCmdCtx) for _SlDrvMsgReadCmdCtx
    driver.o(i._SlDrvCmdOp) refers to driver.o(.data) for .data
    driver.o(i._SlDrvCmdSend) refers to driver.o(i._SlDrvMsgWrite) for _SlDrvMsgWrite
    driver.o(i._SlDrvCmdSend) refers to driver.o(.data) for .data
    driver.o(i._SlDrvDataReadOp) refers to driver.o(i._SlDrvWaitForPoolObj) for _SlDrvWaitForPoolObj
    driver.o(i._SlDrvDataReadOp) refers to nonos.o(i._SlNonOsSemGet) for _SlNonOsSemGet
    driver.o(i._SlDrvDataReadOp) refers to nonos.o(i._SlNonOsSemSet) for _SlNonOsSemSet
    driver.o(i._SlDrvDataReadOp) refers to driver.o(i._SlDrvMsgWrite) for _SlDrvMsgWrite
    driver.o(i._SlDrvDataReadOp) refers to driver.o(i._SlDrvReleasePoolObj) for _SlDrvReleasePoolObj
    driver.o(i._SlDrvDataReadOp) refers to driver.o(.data) for .data
    driver.o(i._SlDrvDataWriteOp) refers to nonos.o(i._SlNonOsSemGet) for _SlNonOsSemGet
    driver.o(i._SlDrvDataWriteOp) refers to nonos.o(i._SlNonOsSemSet) for _SlNonOsSemSet
    driver.o(i._SlDrvDataWriteOp) refers to driver.o(i._SlDrvMsgWrite) for _SlDrvMsgWrite
    driver.o(i._SlDrvDataWriteOp) refers to driver.o(.data) for .data
    driver.o(i._SlDrvDriverCBDeinit) refers to flowcont.o(i._SlDrvFlowContDeinit) for _SlDrvFlowContDeinit
    driver.o(i._SlDrvDriverCBDeinit) refers to nonos.o(i._SlNonOsSemSet) for _SlNonOsSemSet
    driver.o(i._SlDrvDriverCBDeinit) refers to driver.o(i._SlDrvObjDeInit) for _SlDrvObjDeInit
    driver.o(i._SlDrvDriverCBDeinit) refers to driver.o(.data) for .data
    driver.o(i._SlDrvDriverCBInit) refers to memseta.o(.text) for __aeabi_memclr4
    driver.o(i._SlDrvDriverCBInit) refers to nonos.o(i._SlNonOsSemSet) for _SlNonOsSemSet
    driver.o(i._SlDrvDriverCBInit) refers to nonos.o(i._SlNonOsSemGet) for _SlNonOsSemGet
    driver.o(i._SlDrvDriverCBInit) refers to driver.o(i._SlDrvObjInit) for _SlDrvObjInit
    driver.o(i._SlDrvDriverCBInit) refers to flowcont.o(i._SlDrvFlowContInit) for _SlDrvFlowContInit
    driver.o(i._SlDrvDriverCBInit) refers to driver.o(.bss) for .bss
    driver.o(i._SlDrvDriverCBInit) refers to driver.o(.data) for .data
    driver.o(i._SlDrvMsgRead) refers to driver.o(i._SlDrvRxHdrRead) for _SlDrvRxHdrRead
    driver.o(i._SlDrvMsgRead) refers to nonos.o(i._SlNonOsSemSet) for _SlNonOsSemSet
    driver.o(i._SlDrvMsgRead) refers to driver.o(i._SlDrvClassifyRxMsg) for _SlDrvClassifyRxMsg
    driver.o(i._SlDrvMsgRead) refers to spi.o(i.spi_Read) for spi_Read
    driver.o(i._SlDrvMsgRead) refers to nonos.o(i._SlNonOsSemGet) for _SlNonOsSemGet
    driver.o(i._SlDrvMsgRead) refers to driver.o(i._SlFindAndSetActiveObj) for _SlFindAndSetActiveObj
    driver.o(i._SlDrvMsgRead) refers to memcpya.o(.text) for __aeabi_memcpy
    driver.o(i._SlDrvMsgRead) refers to driver.o(.data) for .data
    driver.o(i._SlDrvMsgRead) refers to driver.o(.bss) for .bss
    driver.o(i._SlDrvMsgReadCmdCtx) refers to driver.o(i._SlDrvMsgRead) for _SlDrvMsgRead
    driver.o(i._SlDrvMsgReadCmdCtx) refers to nonos.o(i._SlNonOsSemGet) for _SlNonOsSemGet
    driver.o(i._SlDrvMsgReadCmdCtx) refers to driver.o(i._SlAsyncEventGenericHandler) for _SlAsyncEventGenericHandler
    driver.o(i._SlDrvMsgReadCmdCtx) refers to nonos.o(i._SlNonOsSemSet) for _SlNonOsSemSet
    driver.o(i._SlDrvMsgReadCmdCtx) refers to nonos.o(i._SlNonOsSpawn) for _SlNonOsSpawn
    driver.o(i._SlDrvMsgReadCmdCtx) refers to driver.o(.data) for .data
    driver.o(i._SlDrvMsgReadCmdCtx) refers to driver.o(i._SlDrvMsgReadSpawnCtx) for _SlDrvMsgReadSpawnCtx
    driver.o(i._SlDrvMsgReadSpawnCtx) refers to nonos.o(i._SlNonOsSemGet) for _SlNonOsSemGet
    driver.o(i._SlDrvMsgReadSpawnCtx) refers to nonos.o(i._SlNonOsSemSet) for _SlNonOsSemSet
    driver.o(i._SlDrvMsgReadSpawnCtx) refers to driver.o(i._SlDrvMsgRead) for _SlDrvMsgRead
    driver.o(i._SlDrvMsgReadSpawnCtx) refers to driver.o(i._SlAsyncEventGenericHandler) for _SlAsyncEventGenericHandler
    driver.o(i._SlDrvMsgReadSpawnCtx) refers to driver.o(.data) for .data
    driver.o(i._SlDrvMsgWrite) refers to spi.o(i.spi_Write) for spi_Write
    driver.o(i._SlDrvMsgWrite) refers to driver.o(.data) for .data
    driver.o(i._SlDrvMsgWrite) refers to driver.o(.constdata) for .constdata
    driver.o(i._SlDrvObjDeInit) refers to driver.o(.data) for .data
    driver.o(i._SlDrvObjInit) refers to memseta.o(.text) for __aeabi_memclr4
    driver.o(i._SlDrvObjInit) refers to driver.o(.data) for .data
    driver.o(i._SlDrvReleasePoolObj) refers to nonos.o(i._SlNonOsSemGet) for _SlNonOsSemGet
    driver.o(i._SlDrvReleasePoolObj) refers to driver.o(i._SlRemoveFromList) for _SlRemoveFromList
    driver.o(i._SlDrvReleasePoolObj) refers to nonos.o(i._SlNonOsSemSet) for _SlNonOsSemSet
    driver.o(i._SlDrvReleasePoolObj) refers to driver.o(.data) for .data
    driver.o(i._SlDrvRxHdrRead) refers to spi.o(i.spi_Write) for spi_Write
    driver.o(i._SlDrvRxHdrRead) refers to spi.o(i.spi_Read) for spi_Read
    driver.o(i._SlDrvRxHdrRead) refers to driver.o(i._SlDrvShiftDWord) for _SlDrvShiftDWord
    driver.o(i._SlDrvRxHdrRead) refers to driver.o(.data) for .data
    driver.o(i._SlDrvRxHdrRead) refers to driver.o(.constdata) for .constdata
    driver.o(i._SlDrvRxIrqHandler) refers to nonos.o(i._SlNonOsSpawn) for _SlNonOsSpawn
    driver.o(i._SlDrvRxIrqHandler) refers to nonos.o(i._SlNonOsSemSet) for _SlNonOsSemSet
    driver.o(i._SlDrvRxIrqHandler) refers to driver.o(.data) for .data
    driver.o(i._SlDrvRxIrqHandler) refers to driver.o(i._SlDrvMsgReadSpawnCtx) for _SlDrvMsgReadSpawnCtx
    driver.o(i._SlDrvWaitForPoolObj) refers to nonos.o(i._SlNonOsSemGet) for _SlNonOsSemGet
    driver.o(i._SlDrvWaitForPoolObj) refers to nonos.o(i._SlNonOsSemSet) for _SlNonOsSemSet
    driver.o(i._SlDrvWaitForPoolObj) refers to driver.o(.data) for .data
    driver.o(i._SlFindAndSetActiveObj) refers to driver.o(.data) for .data
    driver.o(i._SlFindAndSetActiveObj) refers to driver.o(.constdata) for .constdata
    driver.o(i._SlRemoveFromList) refers to driver.o(.data) for .data
    driver.o(.constdata) refers to socket.o(i._sl_HandleAsync_Accept) for _sl_HandleAsync_Accept
    driver.o(.constdata) refers to socket.o(i._sl_HandleAsync_Connect) for _sl_HandleAsync_Connect
    driver.o(.constdata) refers to socket.o(i._sl_HandleAsync_Select) for _sl_HandleAsync_Select
    driver.o(.constdata) refers to netapp.o(i._sl_HandleAsync_DnsGetHostByName) for _sl_HandleAsync_DnsGetHostByName
    driver.o(.constdata) refers to netapp.o(i._sl_HandleAsync_DnsGetHostByService) for _sl_HandleAsync_DnsGetHostByService
    driver.o(.constdata) refers to netapp.o(i._sl_HandleAsync_PingResponse) for _sl_HandleAsync_PingResponse
    driver.o(.constdata) refers to device.o(i._sl_HandleAsync_Stop) for _sl_HandleAsync_Stop
    flowcont.o(i._SlDrvFlowContDeinit) refers to nonos.o(i._SlNonOsSemSet) for _SlNonOsSemSet
    flowcont.o(i._SlDrvFlowContDeinit) refers to driver.o(.data) for g_pCB
    flowcont.o(i._SlDrvFlowContInit) refers to nonos.o(i._SlNonOsSemSet) for _SlNonOsSemSet
    flowcont.o(i._SlDrvFlowContInit) refers to driver.o(.data) for g_pCB
    fs.o(i._GetCreateFsMode) refers to memcpya.o(.text) for __aeabi_memcpy4
    fs.o(i._GetCreateFsMode) refers to fs.o(.constdata) for .constdata
    fs.o(i.sl_FsClose) refers to fs.o(i.sl_Strlen) for sl_Strlen
    fs.o(i.sl_FsClose) refers to driver.o(i._SlDrvCmdOp) for _SlDrvCmdOp
    fs.o(i.sl_FsClose) refers to driver.o(.data) for g_pCB
    fs.o(i.sl_FsClose) refers to fs.o(.constdata) for .constdata
    fs.o(i.sl_FsDel) refers to fs.o(i.sl_Strlen) for sl_Strlen
    fs.o(i.sl_FsDel) refers to driver.o(i._SlDrvCmdOp) for _SlDrvCmdOp
    fs.o(i.sl_FsDel) refers to fs.o(.constdata) for .constdata
    fs.o(i.sl_FsGetInfo) refers to fs.o(i.sl_Strlen) for sl_Strlen
    fs.o(i.sl_FsGetInfo) refers to driver.o(i._SlDrvCmdOp) for _SlDrvCmdOp
    fs.o(i.sl_FsGetInfo) refers to fs.o(.constdata) for .constdata
    fs.o(i.sl_FsOpen) refers to fs.o(i.sl_Strlen) for sl_Strlen
    fs.o(i.sl_FsOpen) refers to driver.o(i._SlDrvCmdOp) for _SlDrvCmdOp
    fs.o(i.sl_FsOpen) refers to fs.o(.constdata) for .constdata
    fs.o(i.sl_FsRead) refers to driver.o(i._SlDrvCmdOp) for _SlDrvCmdOp
    fs.o(i.sl_FsRead) refers to fs.o(.constdata) for .constdata
    fs.o(i.sl_FsWrite) refers to driver.o(i._SlDrvCmdOp) for _SlDrvCmdOp
    fs.o(i.sl_FsWrite) refers to fs.o(.constdata) for .constdata
    netapp.o(i._SlDrvNetAppEventHandler) refers to netapp.o(i._sl_HandleAsync_DnsGetHostByName) for _sl_HandleAsync_DnsGetHostByName
    netapp.o(i._SlDrvNetAppEventHandler) refers to netapp.o(i._sl_HandleAsync_DnsGetHostByService) for _sl_HandleAsync_DnsGetHostByService
    netapp.o(i._SlDrvNetAppEventHandler) refers to netapp.o(i._sl_HandleAsync_PingResponse) for _sl_HandleAsync_PingResponse
    netapp.o(i._SlDrvNetAppEventHandler) refers to main.o(i.SimpleLinkHttpServerCallback) for SimpleLinkHttpServerCallback
    netapp.o(i._SlDrvNetAppEventHandler) refers to netapp.o(i.sl_NetAppSendTokenValue) for sl_NetAppSendTokenValue
    netapp.o(i._sl_HandleAsync_DnsGetHostByName) refers to nonos.o(i._SlNonOsSemGet) for _SlNonOsSemGet
    netapp.o(i._sl_HandleAsync_DnsGetHostByName) refers to memcpya.o(.text) for __aeabi_memcpy
    netapp.o(i._sl_HandleAsync_DnsGetHostByName) refers to nonos.o(i._SlNonOsSemSet) for _SlNonOsSemSet
    netapp.o(i._sl_HandleAsync_DnsGetHostByName) refers to driver.o(.data) for g_pCB
    netapp.o(i._sl_HandleAsync_DnsGetHostByService) refers to memcpya.o(.text) for __aeabi_memcpy
    netapp.o(i._sl_HandleAsync_DnsGetHostByService) refers to nonos.o(i._SlNonOsSemSet) for _SlNonOsSemSet
    netapp.o(i._sl_HandleAsync_DnsGetHostByService) refers to driver.o(.data) for g_pCB
    netapp.o(i._sl_HandleAsync_PingResponse) refers to netapp.o(i.CopyPingResultsToReport) for CopyPingResultsToReport
    netapp.o(i._sl_HandleAsync_PingResponse) refers to nonos.o(i._SlNonOsSemGet) for _SlNonOsSemGet
    netapp.o(i._sl_HandleAsync_PingResponse) refers to memcpya.o(.text) for __aeabi_memcpy
    netapp.o(i._sl_HandleAsync_PingResponse) refers to nonos.o(i._SlNonOsSemSet) for _SlNonOsSemSet
    netapp.o(i._sl_HandleAsync_PingResponse) refers to driver.o(.data) for pPingCallBackFunc
    netapp.o(i._sl_HandleAsync_PingResponse) refers to driver.o(.data) for g_pCB
    netapp.o(i.sl_NetAppDnsGetHostByName) refers to driver.o(i._SlDrvWaitForPoolObj) for _SlDrvWaitForPoolObj
    netapp.o(i.sl_NetAppDnsGetHostByName) refers to nonos.o(i._SlNonOsSemGet) for _SlNonOsSemGet
    netapp.o(i.sl_NetAppDnsGetHostByName) refers to nonos.o(i._SlNonOsSemSet) for _SlNonOsSemSet
    netapp.o(i.sl_NetAppDnsGetHostByName) refers to driver.o(i._SlDrvCmdOp) for _SlDrvCmdOp
    netapp.o(i.sl_NetAppDnsGetHostByName) refers to memcpya.o(.text) for __aeabi_memcpy4
    netapp.o(i.sl_NetAppDnsGetHostByName) refers to driver.o(i._SlDrvReleasePoolObj) for _SlDrvReleasePoolObj
    netapp.o(i.sl_NetAppDnsGetHostByName) refers to driver.o(.data) for g_pCB
    netapp.o(i.sl_NetAppDnsGetHostByName) refers to netapp.o(.constdata) for .constdata
    netapp.o(i.sl_NetAppDnsGetHostByService) refers to driver.o(i._SlDrvWaitForPoolObj) for _SlDrvWaitForPoolObj
    netapp.o(i.sl_NetAppDnsGetHostByService) refers to nonos.o(i._SlNonOsSemGet) for _SlNonOsSemGet
    netapp.o(i.sl_NetAppDnsGetHostByService) refers to nonos.o(i._SlNonOsSemSet) for _SlNonOsSemSet
    netapp.o(i.sl_NetAppDnsGetHostByService) refers to driver.o(i._SlDrvCmdOp) for _SlDrvCmdOp
    netapp.o(i.sl_NetAppDnsGetHostByService) refers to driver.o(i._SlDrvReleasePoolObj) for _SlDrvReleasePoolObj
    netapp.o(i.sl_NetAppDnsGetHostByService) refers to driver.o(.data) for g_pCB
    netapp.o(i.sl_NetAppDnsGetHostByService) refers to netapp.o(.constdata) for .constdata
    netapp.o(i.sl_NetAppGet) refers to driver.o(i._SlDrvCmdOp) for _SlDrvCmdOp
    netapp.o(i.sl_NetAppGet) refers to netapp.o(.constdata) for .constdata
    netapp.o(i.sl_NetAppGetServiceList) refers to driver.o(i._SlDrvCmdOp) for _SlDrvCmdOp
    netapp.o(i.sl_NetAppGetServiceList) refers to netapp.o(.constdata) for .constdata
    netapp.o(i.sl_NetAppMDNSRegisterService) refers to netapp.o(i.sl_NetAppMDNSRegisterUnregisterService) for sl_NetAppMDNSRegisterUnregisterService
    netapp.o(i.sl_NetAppMDNSRegisterUnregisterService) refers to memseta.o(.text) for __aeabi_memclr4
    netapp.o(i.sl_NetAppMDNSRegisterUnregisterService) refers to memcpya.o(.text) for __aeabi_memcpy
    netapp.o(i.sl_NetAppMDNSRegisterUnregisterService) refers to driver.o(i._SlDrvCmdOp) for _SlDrvCmdOp
    netapp.o(i.sl_NetAppMDNSRegisterUnregisterService) refers to netapp.o(.constdata) for .constdata
    netapp.o(i.sl_NetAppMDNSUnRegisterService) refers to netapp.o(i.sl_NetAppMDNSRegisterUnregisterService) for sl_NetAppMDNSRegisterUnregisterService
    netapp.o(i.sl_NetAppPingStart) refers to driver.o(i._SlDrvBasicCmd) for _SlDrvBasicCmd
    netapp.o(i.sl_NetAppPingStart) refers to driver.o(i._SlDrvWaitForPoolObj) for _SlDrvWaitForPoolObj
    netapp.o(i.sl_NetAppPingStart) refers to nonos.o(i._SlNonOsSemGet) for _SlNonOsSemGet
    netapp.o(i.sl_NetAppPingStart) refers to nonos.o(i._SlNonOsSemSet) for _SlNonOsSemSet
    netapp.o(i.sl_NetAppPingStart) refers to driver.o(i._SlDrvCmdOp) for _SlDrvCmdOp
    netapp.o(i.sl_NetAppPingStart) refers to netapp.o(i.CopyPingResultsToReport) for CopyPingResultsToReport
    netapp.o(i.sl_NetAppPingStart) refers to driver.o(i._SlDrvReleasePoolObj) for _SlDrvReleasePoolObj
    netapp.o(i.sl_NetAppPingStart) refers to netapp.o(.constdata) for .constdata
    netapp.o(i.sl_NetAppPingStart) refers to driver.o(.data) for pPingCallBackFunc
    netapp.o(i.sl_NetAppPingStart) refers to driver.o(.data) for g_pCB
    netapp.o(i.sl_NetAppSendTokenValue) refers to memcpya.o(.text) for __aeabi_memcpy
    netapp.o(i.sl_NetAppSendTokenValue) refers to driver.o(i._SlDrvCmdSend) for _SlDrvCmdSend
    netapp.o(i.sl_NetAppSendTokenValue) refers to netapp.o(.constdata) for .constdata
    netapp.o(i.sl_NetAppSet) refers to driver.o(i._SlDrvCmdOp) for _SlDrvCmdOp
    netapp.o(i.sl_NetAppSet) refers to netapp.o(.constdata) for .constdata
    netapp.o(i.sl_NetAppStart) refers to driver.o(i._SlDrvCmdOp) for _SlDrvCmdOp
    netapp.o(i.sl_NetAppStart) refers to netapp.o(.constdata) for .constdata
    netapp.o(i.sl_NetAppStop) refers to driver.o(i._SlDrvCmdOp) for _SlDrvCmdOp
    netapp.o(i.sl_NetAppStop) refers to netapp.o(.constdata) for .constdata
    netcfg.o(i.sl_NetCfgGet) refers to driver.o(i._SlDrvCmdOp) for _SlDrvCmdOp
    netcfg.o(i.sl_NetCfgGet) refers to netcfg.o(.constdata) for .constdata
    netcfg.o(i.sl_NetCfgSet) refers to driver.o(i._SlDrvCmdOp) for _SlDrvCmdOp
    netcfg.o(i.sl_NetCfgSet) refers to netcfg.o(.constdata) for .constdata
    nonos.o(i._SlNonOsMainLoopTask) refers to nonos.o(.bss) for .bss
    nonos.o(i._SlNonOsMainLoopTask) refers to driver.o(.data) for g_pCB
    nonos.o(i._SlNonOsSemGet) refers to nonos.o(i._SlNonOsMainLoopTask) for _SlNonOsMainLoopTask
    nonos.o(i._SlNonOsSpawn) refers to nonos.o(.bss) for .bss
    socket.o(i._sl_HandleAsync_Accept) refers to nonos.o(i._SlNonOsSemGet) for _SlNonOsSemGet
    socket.o(i._sl_HandleAsync_Accept) refers to nonos.o(i._SlNonOsSemSet) for _SlNonOsSemSet
    socket.o(i._sl_HandleAsync_Accept) refers to driver.o(.data) for g_pCB
    socket.o(i._sl_HandleAsync_Connect) refers to nonos.o(i._SlNonOsSemGet) for _SlNonOsSemGet
    socket.o(i._sl_HandleAsync_Connect) refers to nonos.o(i._SlNonOsSemSet) for _SlNonOsSemSet
    socket.o(i._sl_HandleAsync_Connect) refers to driver.o(.data) for g_pCB
    socket.o(i._sl_HandleAsync_Select) refers to nonos.o(i._SlNonOsSemGet) for _SlNonOsSemGet
    socket.o(i._sl_HandleAsync_Select) refers to nonos.o(i._SlNonOsSemSet) for _SlNonOsSemSet
    socket.o(i._sl_HandleAsync_Select) refers to driver.o(.data) for g_pCB
    socket.o(i.sl_Accept) refers to driver.o(i._SlDrvWaitForPoolObj) for _SlDrvWaitForPoolObj
    socket.o(i.sl_Accept) refers to nonos.o(i._SlNonOsSemGet) for _SlNonOsSemGet
    socket.o(i.sl_Accept) refers to nonos.o(i._SlNonOsSemSet) for _SlNonOsSemSet
    socket.o(i.sl_Accept) refers to driver.o(i._SlDrvCmdOp) for _SlDrvCmdOp
    socket.o(i.sl_Accept) refers to driver.o(i._SlDrvReleasePoolObj) for _SlDrvReleasePoolObj
    socket.o(i.sl_Accept) refers to driver.o(.data) for g_pCB
    socket.o(i.sl_Accept) refers to socket.o(.constdata) for .constdata
    socket.o(i.sl_Bind) refers to socket.o(i._sl_BuildAddress) for _sl_BuildAddress
    socket.o(i.sl_Bind) refers to driver.o(i._SlDrvCmdOp) for _SlDrvCmdOp
    socket.o(i.sl_Bind) refers to socket.o(.constdata) for .constdata
    socket.o(i.sl_Close) refers to driver.o(i._SlDrvCmdOp) for _SlDrvCmdOp
    socket.o(i.sl_Close) refers to socket.o(.constdata) for .constdata
    socket.o(i.sl_Connect) refers to socket.o(i._sl_BuildAddress) for _sl_BuildAddress
    socket.o(i.sl_Connect) refers to driver.o(i._SlDrvWaitForPoolObj) for _SlDrvWaitForPoolObj
    socket.o(i.sl_Connect) refers to nonos.o(i._SlNonOsSemGet) for _SlNonOsSemGet
    socket.o(i.sl_Connect) refers to nonos.o(i._SlNonOsSemSet) for _SlNonOsSemSet
    socket.o(i.sl_Connect) refers to driver.o(i._SlDrvCmdOp) for _SlDrvCmdOp
    socket.o(i.sl_Connect) refers to driver.o(i._SlDrvReleasePoolObj) for _SlDrvReleasePoolObj
    socket.o(i.sl_Connect) refers to socket.o(.constdata) for .constdata
    socket.o(i.sl_Connect) refers to driver.o(.data) for g_pCB
    socket.o(i.sl_GetSockOpt) refers to driver.o(i._SlDrvCmdOp) for _SlDrvCmdOp
    socket.o(i.sl_GetSockOpt) refers to socket.o(.constdata) for .constdata
    socket.o(i.sl_Listen) refers to driver.o(i._SlDrvCmdOp) for _SlDrvCmdOp
    socket.o(i.sl_Listen) refers to socket.o(.constdata) for .constdata
    socket.o(i.sl_Recv) refers to driver.o(i._SlDrvDataReadOp) for _SlDrvDataReadOp
    socket.o(i.sl_Recv) refers to socket.o(.constdata) for .constdata
    socket.o(i.sl_RecvFrom) refers to driver.o(i._SlDrvDataReadOp) for _SlDrvDataReadOp
    socket.o(i.sl_RecvFrom) refers to socket.o(.constdata) for .constdata
    socket.o(i.sl_Select) refers to driver.o(i._SlDrvWaitForPoolObj) for _SlDrvWaitForPoolObj
    socket.o(i.sl_Select) refers to nonos.o(i._SlNonOsSemGet) for _SlNonOsSemGet
    socket.o(i.sl_Select) refers to nonos.o(i._SlNonOsSemSet) for _SlNonOsSemSet
    socket.o(i.sl_Select) refers to driver.o(i._SlDrvCmdOp) for _SlDrvCmdOp
    socket.o(i.sl_Select) refers to driver.o(i._SlDrvReleasePoolObj) for _SlDrvReleasePoolObj
    socket.o(i.sl_Select) refers to driver.o(.data) for g_pCB
    socket.o(i.sl_Select) refers to socket.o(.constdata) for .constdata
    socket.o(i.sl_Send) refers to socket.o(i._sl_TruncatePayloadByProtocol) for _sl_TruncatePayloadByProtocol
    socket.o(i.sl_Send) refers to driver.o(i._SlDrvDataWriteOp) for _SlDrvDataWriteOp
    socket.o(i.sl_Send) refers to socket.o(.constdata) for .constdata
    socket.o(i.sl_Send) refers to driver.o(.data) for g_pCB
    socket.o(i.sl_SendTo) refers to socket.o(i._sl_TruncatePayloadByProtocol) for _sl_TruncatePayloadByProtocol
    socket.o(i.sl_SendTo) refers to socket.o(i._sl_BuildAddress) for _sl_BuildAddress
    socket.o(i.sl_SendTo) refers to driver.o(i._SlDrvDataWriteOp) for _SlDrvDataWriteOp
    socket.o(i.sl_SetSockOpt) refers to driver.o(i._SlDrvCmdOp) for _SlDrvCmdOp
    socket.o(i.sl_SetSockOpt) refers to socket.o(.constdata) for .constdata
    socket.o(i.sl_Socket) refers to driver.o(i._SlDrvCmdOp) for _SlDrvCmdOp
    socket.o(i.sl_Socket) refers to socket.o(.constdata) for .constdata
    spi.o(i.spi_Close) refers to board.o(i.CC3100_InterruptDisable) for CC3100_InterruptDisable
    spi.o(i.spi_Open) refers to sysctl.o(i.SysCtlPeripheralEnable) for SysCtlPeripheralEnable
    spi.o(i.spi_Open) refers to gpio.o(i.GPIOPinTypeGPIOOutput) for GPIOPinTypeGPIOOutput
    spi.o(i.spi_Open) refers to gpio.o(i.GPIOPinWrite) for GPIOPinWrite
    spi.o(i.spi_Open) refers to gpio.o(i.GPIOPinConfigure) for GPIOPinConfigure
    spi.o(i.spi_Open) refers to gpio.o(i.GPIOPinTypeSSI) for GPIOPinTypeSSI
    spi.o(i.spi_Open) refers to sysctl.o(i.SysCtlClockGet) for SysCtlClockGet
    spi.o(i.spi_Open) refers to ssi.o(i.SSIConfigSetExpClk) for SSIConfigSetExpClk
    spi.o(i.spi_Open) refers to ssi.o(i.SSIEnable) for SSIEnable
    spi.o(i.spi_Open) refers to gpio.o(i.GPIOPinTypeGPIOInput) for GPIOPinTypeGPIOInput
    spi.o(i.spi_Open) refers to gpio.o(i.GPIOPadConfigSet) for GPIOPadConfigSet
    spi.o(i.spi_Open) refers to gpio.o(i.GPIOIntTypeSet) for GPIOIntTypeSet
    spi.o(i.spi_Open) refers to gpio.o(i.GPIOIntClear) for GPIOIntClear
    spi.o(i.spi_Open) refers to gpio.o(i.GPIOIntDisable) for GPIOIntDisable
    spi.o(i.spi_Open) refers to interrupt.o(i.IntEnable) for IntEnable
    spi.o(i.spi_Open) refers to interrupt.o(i.IntMasterEnable) for IntMasterEnable
    spi.o(i.spi_Open) refers to sysctl.o(.emb_text) for SysCtlDelay
    spi.o(i.spi_Open) refers to board.o(i.CC3100_InterruptEnable) for CC3100_InterruptEnable
    spi.o(i.spi_Read) refers to gpio.o(i.GPIOPinWrite) for GPIOPinWrite
    spi.o(i.spi_Read) refers to ssi.o(i.SSIDataPutNonBlocking) for SSIDataPutNonBlocking
    spi.o(i.spi_Read) refers to ssi.o(i.SSIDataGetNonBlocking) for SSIDataGetNonBlocking
    spi.o(i.spi_Write) refers to gpio.o(i.GPIOPinWrite) for GPIOPinWrite
    spi.o(i.spi_Write) refers to ssi.o(i.SSIDataPutNonBlocking) for SSIDataPutNonBlocking
    spi.o(i.spi_Write) refers to ssi.o(i.SSIDataGetNonBlocking) for SSIDataGetNonBlocking
    startup_rvmdk.o(RESET) refers to startup_rvmdk.o(STACK) for StackMem
    startup_rvmdk.o(RESET) refers to board.o(i.GPIOB_intHandler) for GPIOB_intHandler
    startup_rvmdk.o(RESET) refers to uartstdio.o(i.UARTStdioIntHandler) for UARTStdioIntHandler
    startup_rvmdk.o(RESET) refers to entry.o(.ARM.Collect$$$$00000000) for __main
    wlan.o(i.sl_WlanConnect) refers to memseta.o(.text) for __aeabi_memclr4
    wlan.o(i.sl_WlanConnect) refers to memcpya.o(.text) for __aeabi_memcpy
    wlan.o(i.sl_WlanConnect) refers to driver.o(i._SlDrvCmdOp) for _SlDrvCmdOp
    wlan.o(i.sl_WlanDisconnect) refers to driver.o(i._SlDrvBasicCmd) for _SlDrvBasicCmd
    wlan.o(i.sl_WlanGet) refers to driver.o(i._SlDrvCmdOp) for _SlDrvCmdOp
    wlan.o(i.sl_WlanGet) refers to wlan.o(.constdata) for .constdata
    wlan.o(i.sl_WlanGetNetworkList) refers to driver.o(i._SlDrvCmdOp) for _SlDrvCmdOp
    wlan.o(i.sl_WlanGetNetworkList) refers to wlan.o(.constdata) for .constdata
    wlan.o(i.sl_WlanPolicyGet) refers to driver.o(i._SlDrvCmdOp) for _SlDrvCmdOp
    wlan.o(i.sl_WlanPolicyGet) refers to wlan.o(.constdata) for .constdata
    wlan.o(i.sl_WlanPolicySet) refers to driver.o(i._SlDrvCmdOp) for _SlDrvCmdOp
    wlan.o(i.sl_WlanPolicySet) refers to wlan.o(.constdata) for .constdata
    wlan.o(i.sl_WlanProfileAdd) refers to memcpya.o(.text) for __aeabi_memcpy
    wlan.o(i.sl_WlanProfileAdd) refers to driver.o(i._SlDrvCmdOp) for _SlDrvCmdOp
    wlan.o(i.sl_WlanProfileDel) refers to driver.o(i._SlDrvCmdOp) for _SlDrvCmdOp
    wlan.o(i.sl_WlanProfileDel) refers to wlan.o(.constdata) for .constdata
    wlan.o(i.sl_WlanProfileGet) refers to driver.o(i._SlDrvCmdOp) for _SlDrvCmdOp
    wlan.o(i.sl_WlanProfileGet) refers to memcpya.o(.text) for __aeabi_memcpy
    wlan.o(i.sl_WlanProfileGet) refers to wlan.o(.constdata) for .constdata
    wlan.o(i.sl_WlanRxFilterAdd) refers to memcpya.o(.text) for __aeabi_memcpy4
    wlan.o(i.sl_WlanRxFilterAdd) refers to driver.o(i._SlDrvCmdOp) for _SlDrvCmdOp
    wlan.o(i.sl_WlanRxFilterAdd) refers to wlan.o(.constdata) for .constdata
    wlan.o(i.sl_WlanRxFilterGet) refers to driver.o(i._SlDrvCmdOp) for _SlDrvCmdOp
    wlan.o(i.sl_WlanRxFilterGet) refers to wlan.o(.constdata) for .constdata
    wlan.o(i.sl_WlanRxFilterSet) refers to driver.o(i._SlDrvCmdOp) for _SlDrvCmdOp
    wlan.o(i.sl_WlanRxFilterSet) refers to wlan.o(.constdata) for .constdata
    wlan.o(i.sl_WlanRxStatGet) refers to memseta.o(.text) for __aeabi_memclr4
    wlan.o(i.sl_WlanRxStatGet) refers to driver.o(i._SlDrvCmdOp) for _SlDrvCmdOp
    wlan.o(i.sl_WlanRxStatGet) refers to wlan.o(.constdata) for .constdata
    wlan.o(i.sl_WlanRxStatStart) refers to driver.o(i._SlDrvBasicCmd) for _SlDrvBasicCmd
    wlan.o(i.sl_WlanRxStatStop) refers to driver.o(i._SlDrvBasicCmd) for _SlDrvBasicCmd
    wlan.o(i.sl_WlanSet) refers to driver.o(i._SlDrvCmdOp) for _SlDrvCmdOp
    wlan.o(i.sl_WlanSet) refers to wlan.o(.constdata) for .constdata
    wlan.o(i.sl_WlanSetMode) refers to driver.o(i._SlDrvCmdOp) for _SlDrvCmdOp
    wlan.o(i.sl_WlanSetMode) refers to wlan.o(.constdata) for .constdata
    wlan.o(i.sl_WlanSmartConfigStart) refers to memcpya.o(.text) for __aeabi_memcpy
    wlan.o(i.sl_WlanSmartConfigStart) refers to driver.o(i._SlDrvCmdOp) for _SlDrvCmdOp
    wlan.o(i.sl_WlanSmartConfigStart) refers to wlan.o(.constdata) for .constdata
    wlan.o(i.sl_WlanSmartConfigStop) refers to driver.o(i._SlDrvBasicCmd) for _SlDrvBasicCmd
    uartstdio.o(i.UARTEchoSet) refers to uartstdio.o(.data) for .data
    uartstdio.o(i.UARTFlushRx) refers to uartstdio.o(.data) for .data
    uartstdio.o(i.UARTFlushTx) refers to uartstdio.o(i.IsBufferEmpty) for IsBufferEmpty
    uartstdio.o(i.UARTFlushTx) refers to uartstdio.o(.data) for .data
    uartstdio.o(i.UARTOutString) refers to uartstdio.o(.data) for .data
    uartstdio.o(i.UARTPeek) refers to uartstdio.o(i.GetBufferCount) for GetBufferCount
    uartstdio.o(i.UARTPeek) refers to uartstdio.o(.data) for .data
    uartstdio.o(i.UARTPeek) refers to uartstdio.o(.bss) for .bss
    uartstdio.o(i.UARTPrimeTransmit) refers to uartstdio.o(i.IsBufferEmpty) for IsBufferEmpty
    uartstdio.o(i.UARTPrimeTransmit) refers to uartstdio.o(.data) for .data
    uartstdio.o(i.UARTPrimeTransmit) refers to uartstdio.o(.constdata) for .constdata
    uartstdio.o(i.UARTPrimeTransmit) refers to uartstdio.o(.bss) for .bss
    uartstdio.o(i.UARTRxBytesAvail) refers to uartstdio.o(i.GetBufferCount) for GetBufferCount
    uartstdio.o(i.UARTRxBytesAvail) refers to uartstdio.o(.data) for .data
    uartstdio.o(i.UARTStdioConfig) refers to uartstdio.o(i.UARTFlushRx) for UARTFlushRx
    uartstdio.o(i.UARTStdioConfig) refers to uartstdio.o(i.UARTFlushTx) for UARTFlushTx
    uartstdio.o(i.UARTStdioConfig) refers to uartstdio.o(.constdata) for .constdata
    uartstdio.o(i.UARTStdioConfig) refers to uartstdio.o(.data) for .data
    uartstdio.o(i.UARTStdioIntHandler) refers to uartstdio.o(i.UARTPrimeTransmit) for UARTPrimeTransmit
    uartstdio.o(i.UARTStdioIntHandler) refers to uartstdio.o(i.IsBufferEmpty) for IsBufferEmpty
    uartstdio.o(i.UARTStdioIntHandler) refers to uartstdio.o(i.UARTwrite) for UARTwrite
    uartstdio.o(i.UARTStdioIntHandler) refers to uartstdio.o(i.IsBufferFull) for IsBufferFull
    uartstdio.o(i.UARTStdioIntHandler) refers to uartstdio.o(.data) for .data
    uartstdio.o(i.UARTStdioIntHandler) refers to uartstdio.o(.bss) for .bss
    uartstdio.o(i.UARTTxBytesFree) refers to uartstdio.o(i.GetBufferCount) for GetBufferCount
    uartstdio.o(i.UARTTxBytesFree) refers to uartstdio.o(.data) for .data
    uartstdio.o(i.UARTgetc) refers to uartstdio.o(i.IsBufferEmpty) for IsBufferEmpty
    uartstdio.o(i.UARTgetc) refers to uartstdio.o(.data) for .data
    uartstdio.o(i.UARTgetc) refers to uartstdio.o(.bss) for .bss
    uartstdio.o(i.UARTgets) refers to uartstdio.o(i.IsBufferEmpty) for IsBufferEmpty
    uartstdio.o(i.UARTgets) refers to uartstdio.o(.bss) for .bss
    uartstdio.o(i.UARTgets) refers to uartstdio.o(.data) for .data
    uartstdio.o(i.UARTprintf) refers to uartstdio.o(i.UARTvprintf) for UARTvprintf
    uartstdio.o(i.UARTvprintf) refers to uartstdio.o(i.UARTwrite) for UARTwrite
    uartstdio.o(i.UARTvprintf) refers to uartstdio.o(.constdata) for .constdata
    uartstdio.o(i.UARTwrite) refers to uartstdio.o(i.IsBufferFull) for IsBufferFull
    uartstdio.o(i.UARTwrite) refers to uartstdio.o(i.IsBufferEmpty) for IsBufferEmpty
    uartstdio.o(i.UARTwrite) refers to uartstdio.o(i.UARTPrimeTransmit) for UARTPrimeTransmit
    uartstdio.o(i.UARTwrite) refers to uartstdio.o(.bss) for .bss
    uartstdio.o(i.UARTwrite) refers to uartstdio.o(.data) for .data
    uartstdio.o(.constdata) refers to uartstdio.o(.conststring) for .conststring
    ustdlib.o(i.ulocaltime) refers to ustdlib.o(.constdata) for .constdata
    ustdlib.o(i.umktime) refers to ustdlib.o(i.ulocaltime) for ulocaltime
    ustdlib.o(i.umktime) refers to ustdlib.o(i.ucmptime) for ucmptime
    ustdlib.o(i.urand) refers to ustdlib.o(.data) for .data
    ustdlib.o(i.usnprintf) refers to ustdlib.o(i.uvsnprintf) for uvsnprintf
    ustdlib.o(i.usprintf) refers to ustdlib.o(i.uvsnprintf) for uvsnprintf
    ustdlib.o(i.usrand) refers to ustdlib.o(.data) for .data
    ustdlib.o(i.ustrcasecmp) refers to ustdlib.o(i.ustrncasecmp) for ustrncasecmp
    ustdlib.o(i.ustrcmp) refers to ustdlib.o(i.ustrncmp) for ustrncmp
    ustdlib.o(i.ustrstr) refers to ustdlib.o(i.ustrlen) for ustrlen
    ustdlib.o(i.ustrstr) refers to ustdlib.o(i.ustrncmp) for ustrncmp
    ustdlib.o(i.ustrtof) refers to ustdlib.o(.constdata) for .constdata
    ustdlib.o(i.uvsnprintf) refers to ustdlib.o(i.ustrncpy) for ustrncpy
    ustdlib.o(i.uvsnprintf) refers to ustdlib.o(.constdata) for .constdata
    ustdlib.o(.constdata) refers to ustdlib.o(.conststring) for .conststring
    temperature_sensor.o(i.InitConsole) refers to sysctl.o(i.SysCtlPeripheralEnable) for SysCtlPeripheralEnable
    temperature_sensor.o(i.InitConsole) refers to gpio.o(i.GPIOPinConfigure) for GPIOPinConfigure
    temperature_sensor.o(i.InitConsole) refers to uart.o(i.UARTClockSourceSet) for UARTClockSourceSet
    temperature_sensor.o(i.InitConsole) refers to gpio.o(i.GPIOPinTypeUART) for GPIOPinTypeUART
    temperature_sensor.o(i.InitConsole) refers to uartstdio.o(i.UARTStdioConfig) for UARTStdioConfig
    temperature_sensor.o(i.main) refers to sysctl.o(i.SysCtlClockSet) for SysCtlClockSet
    temperature_sensor.o(i.main) refers to temperature_sensor.o(i.InitConsole) for InitConsole
    temperature_sensor.o(i.main) refers to uartstdio.o(i.UARTprintf) for UARTprintf
    temperature_sensor.o(i.main) refers to sysctl.o(i.SysCtlPeripheralEnable) for SysCtlPeripheralEnable
    temperature_sensor.o(i.main) refers to adc.o(i.ADCSequenceConfigure) for ADCSequenceConfigure
    temperature_sensor.o(i.main) refers to adc.o(i.ADCSequenceStepConfigure) for ADCSequenceStepConfigure
    temperature_sensor.o(i.main) refers to adc.o(i.ADCSequenceEnable) for ADCSequenceEnable
    temperature_sensor.o(i.main) refers to adc.o(i.ADCIntClear) for ADCIntClear
    temperature_sensor.o(i.main) refers to adc.o(i.ADCProcessorTrigger) for ADCProcessorTrigger
    temperature_sensor.o(i.main) refers to adc.o(i.ADCIntStatus) for ADCIntStatus
    temperature_sensor.o(i.main) refers to adc.o(i.ADCSequenceDataGet) for ADCSequenceDataGet
    temperature_sensor.o(i.main) refers to sysctl.o(i.SysCtlClockGet) for SysCtlClockGet
    temperature_sensor.o(i.main) refers to sysctl.o(.emb_text) for SysCtlDelay
    adc.o(i.ADCIntRegister) refers to interrupt.o(i.IntRegister) for IntRegister
    adc.o(i.ADCIntRegister) refers to interrupt.o(i.IntEnable) for IntEnable
    adc.o(i.ADCIntUnregister) refers to interrupt.o(i.IntDisable) for IntDisable
    adc.o(i.ADCIntUnregister) refers to interrupt.o(i.IntUnregister) for IntUnregister
    adc.o(i.ADCSoftwareOversampleConfigure) refers to adc.o(.data) for .data
    adc.o(i.ADCSoftwareOversampleDataGet) refers to adc.o(.data) for .data
    adc.o(i.ADCSoftwareOversampleStepConfigure) refers to adc.o(.data) for .data
    gpio.o(i.GPIOIntRegister) refers to interrupt.o(i.IntRegister) for IntRegister
    gpio.o(i.GPIOIntRegister) refers to interrupt.o(i.IntEnable) for IntEnable
    gpio.o(i.GPIOIntRegister) refers to gpio.o(.constdata) for .constdata
    gpio.o(i.GPIOIntUnregister) refers to interrupt.o(i.IntDisable) for IntDisable
    gpio.o(i.GPIOIntUnregister) refers to interrupt.o(i.IntUnregister) for IntUnregister
    gpio.o(i.GPIOIntUnregister) refers to gpio.o(.constdata) for .constdata
    gpio.o(i.GPIOPinConfigure) refers to gpio.o(.constdata) for .constdata
    gpio.o(i.GPIOPinTypeADC) refers to gpio.o(i.GPIODirModeSet) for GPIODirModeSet
    gpio.o(i.GPIOPinTypeADC) refers to gpio.o(i.GPIOPadConfigSet) for GPIOPadConfigSet
    gpio.o(i.GPIOPinTypeCAN) refers to gpio.o(i.GPIODirModeSet) for GPIODirModeSet
    gpio.o(i.GPIOPinTypeCAN) refers to gpio.o(i.GPIOPadConfigSet) for GPIOPadConfigSet
    gpio.o(i.GPIOPinTypeCIR) refers to gpio.o(i.GPIODirModeSet) for GPIODirModeSet
    gpio.o(i.GPIOPinTypeCIR) refers to gpio.o(i.GPIOPadConfigSet) for GPIOPadConfigSet
    gpio.o(i.GPIOPinTypeComparator) refers to gpio.o(i.GPIODirModeSet) for GPIODirModeSet
    gpio.o(i.GPIOPinTypeComparator) refers to gpio.o(i.GPIOPadConfigSet) for GPIOPadConfigSet
    gpio.o(i.GPIOPinTypeEPI) refers to gpio.o(i.GPIODirModeSet) for GPIODirModeSet
    gpio.o(i.GPIOPinTypeEPI) refers to gpio.o(i.GPIOPadConfigSet) for GPIOPadConfigSet
    gpio.o(i.GPIOPinTypeEthernetLED) refers to gpio.o(i.GPIODirModeSet) for GPIODirModeSet
    gpio.o(i.GPIOPinTypeEthernetLED) refers to gpio.o(i.GPIOPadConfigSet) for GPIOPadConfigSet
    gpio.o(i.GPIOPinTypeEthernetMII) refers to gpio.o(i.GPIODirModeSet) for GPIODirModeSet
    gpio.o(i.GPIOPinTypeEthernetMII) refers to gpio.o(i.GPIOPadConfigSet) for GPIOPadConfigSet
    gpio.o(i.GPIOPinTypeGPIOInput) refers to gpio.o(i.GPIODirModeSet) for GPIODirModeSet
    gpio.o(i.GPIOPinTypeGPIOInput) refers to gpio.o(i.GPIOPadConfigSet) for GPIOPadConfigSet
    gpio.o(i.GPIOPinTypeGPIOOutput) refers to gpio.o(i.GPIOPadConfigSet) for GPIOPadConfigSet
    gpio.o(i.GPIOPinTypeGPIOOutput) refers to gpio.o(i.GPIODirModeSet) for GPIODirModeSet
    gpio.o(i.GPIOPinTypeGPIOOutputOD) refers to gpio.o(i.GPIOPadConfigSet) for GPIOPadConfigSet
    gpio.o(i.GPIOPinTypeGPIOOutputOD) refers to gpio.o(i.GPIODirModeSet) for GPIODirModeSet
    gpio.o(i.GPIOPinTypeI2C) refers to gpio.o(i.GPIODirModeSet) for GPIODirModeSet
    gpio.o(i.GPIOPinTypeI2C) refers to gpio.o(i.GPIOPadConfigSet) for GPIOPadConfigSet
    gpio.o(i.GPIOPinTypeI2CSCL) refers to gpio.o(i.GPIODirModeSet) for GPIODirModeSet
    gpio.o(i.GPIOPinTypeI2CSCL) refers to gpio.o(i.GPIOPadConfigSet) for GPIOPadConfigSet
    gpio.o(i.GPIOPinTypeKBColumn) refers to gpio.o(i.GPIODirModeSet) for GPIODirModeSet
    gpio.o(i.GPIOPinTypeKBColumn) refers to gpio.o(i.GPIOPadConfigSet) for GPIOPadConfigSet
    gpio.o(i.GPIOPinTypeKBRow) refers to gpio.o(i.GPIODirModeSet) for GPIODirModeSet
    gpio.o(i.GPIOPinTypeKBRow) refers to gpio.o(i.GPIOPadConfigSet) for GPIOPadConfigSet
    gpio.o(i.GPIOPinTypeLCD) refers to gpio.o(i.GPIODirModeSet) for GPIODirModeSet
    gpio.o(i.GPIOPinTypeLCD) refers to gpio.o(i.GPIOPadConfigSet) for GPIOPadConfigSet
    gpio.o(i.GPIOPinTypeLEDSeq) refers to gpio.o(i.GPIODirModeSet) for GPIODirModeSet
    gpio.o(i.GPIOPinTypeLEDSeq) refers to gpio.o(i.GPIOPadConfigSet) for GPIOPadConfigSet
    gpio.o(i.GPIOPinTypeLPC) refers to gpio.o(i.GPIODirModeSet) for GPIODirModeSet
    gpio.o(i.GPIOPinTypeLPC) refers to gpio.o(i.GPIOPadConfigSet) for GPIOPadConfigSet
    gpio.o(i.GPIOPinTypePECIRx) refers to gpio.o(i.GPIODirModeSet) for GPIODirModeSet
    gpio.o(i.GPIOPinTypePECIRx) refers to gpio.o(i.GPIOPadConfigSet) for GPIOPadConfigSet
    gpio.o(i.GPIOPinTypePECITx) refers to gpio.o(i.GPIODirModeSet) for GPIODirModeSet
    gpio.o(i.GPIOPinTypePECITx) refers to gpio.o(i.GPIOPadConfigSet) for GPIOPadConfigSet
    gpio.o(i.GPIOPinTypePWM) refers to gpio.o(i.GPIODirModeSet) for GPIODirModeSet
    gpio.o(i.GPIOPinTypePWM) refers to gpio.o(i.GPIOPadConfigSet) for GPIOPadConfigSet
    gpio.o(i.GPIOPinTypeQEI) refers to gpio.o(i.GPIODirModeSet) for GPIODirModeSet
    gpio.o(i.GPIOPinTypeQEI) refers to gpio.o(i.GPIOPadConfigSet) for GPIOPadConfigSet
    gpio.o(i.GPIOPinTypeSSI) refers to gpio.o(i.GPIODirModeSet) for GPIODirModeSet
    gpio.o(i.GPIOPinTypeSSI) refers to gpio.o(i.GPIOPadConfigSet) for GPIOPadConfigSet
    gpio.o(i.GPIOPinTypeTimer) refers to gpio.o(i.GPIODirModeSet) for GPIODirModeSet
    gpio.o(i.GPIOPinTypeTimer) refers to gpio.o(i.GPIOPadConfigSet) for GPIOPadConfigSet
    gpio.o(i.GPIOPinTypeUART) refers to gpio.o(i.GPIODirModeSet) for GPIODirModeSet
    gpio.o(i.GPIOPinTypeUART) refers to gpio.o(i.GPIOPadConfigSet) for GPIOPadConfigSet
    gpio.o(i.GPIOPinTypeUSBAnalog) refers to gpio.o(i.GPIODirModeSet) for GPIODirModeSet
    gpio.o(i.GPIOPinTypeUSBAnalog) refers to gpio.o(i.GPIOPadConfigSet) for GPIOPadConfigSet
    gpio.o(i.GPIOPinTypeUSBDigital) refers to gpio.o(i.GPIODirModeSet) for GPIODirModeSet
    gpio.o(i.GPIOPinTypeUSBDigital) refers to gpio.o(i.GPIOPadConfigSet) for GPIOPadConfigSet
    gpio.o(i.GPIOPinTypeWakeHigh) refers to gpio.o(i.GPIODirModeSet) for GPIODirModeSet
    gpio.o(i.GPIOPinTypeWakeHigh) refers to gpio.o(i.GPIOPadConfigSet) for GPIOPadConfigSet
    gpio.o(i.GPIOPinTypeWakeLow) refers to gpio.o(i.GPIODirModeSet) for GPIODirModeSet
    gpio.o(i.GPIOPinTypeWakeLow) refers to gpio.o(i.GPIOPadConfigSet) for GPIOPadConfigSet
    interrupt.o(i.IntDisable) refers to interrupt.o(.constdata) for .constdata
    interrupt.o(i.IntEnable) refers to interrupt.o(.constdata) for .constdata
    interrupt.o(i.IntIsEnabled) refers to interrupt.o(.constdata) for .constdata
    interrupt.o(i.IntMasterDisable) refers to cpu.o(.emb_text) for CPUcpsid
    interrupt.o(i.IntMasterEnable) refers to cpu.o(.emb_text) for CPUcpsie
    interrupt.o(i.IntPendClear) refers to interrupt.o(.constdata) for .constdata
    interrupt.o(i.IntPendSet) refers to interrupt.o(.constdata) for .constdata
    interrupt.o(i.IntPriorityGet) refers to interrupt.o(.constdata) for .constdata
    interrupt.o(i.IntPriorityGroupingGet) refers to interrupt.o(.constdata) for .constdata
    interrupt.o(i.IntPriorityGroupingSet) refers to interrupt.o(.constdata) for .constdata
    interrupt.o(i.IntPriorityMaskGet) refers to cpu.o(.emb_text) for CPUbasepriGet
    interrupt.o(i.IntPriorityMaskSet) refers to cpu.o(.emb_text) for CPUbasepriSet
    interrupt.o(i.IntPrioritySet) refers to interrupt.o(.constdata) for .constdata
    interrupt.o(i.IntRegister) refers to interrupt.o(vtable) for vtable
    interrupt.o(i.IntUnregister) refers to interrupt.o(i._IntDefaultHandler) for _IntDefaultHandler
    interrupt.o(i.IntUnregister) refers to interrupt.o(vtable) for vtable
    ssi.o(i.SSIIntRegister) refers to interrupt.o(i.IntRegister) for IntRegister
    ssi.o(i.SSIIntRegister) refers to interrupt.o(i.IntEnable) for IntEnable
    ssi.o(i.SSIIntRegister) refers to ssi.o(.constdata) for .constdata
    ssi.o(i.SSIIntUnregister) refers to interrupt.o(i.IntDisable) for IntDisable
    ssi.o(i.SSIIntUnregister) refers to interrupt.o(i.IntUnregister) for IntUnregister
    ssi.o(i.SSIIntUnregister) refers to ssi.o(.constdata) for .constdata
    sysctl.o(i.SysCtlClockFreqSet) refers to sysctl.o(.constdata) for .constdata
    sysctl.o(i.SysCtlClockGet) refers to sysctl.o(.constdata) for .constdata
    sysctl.o(i.SysCtlClockSet) refers to sysctl.o(.emb_text) for SysCtlDelay
    sysctl.o(i.SysCtlDeepSleep) refers to cpu.o(.emb_text) for CPUwfi
    sysctl.o(i.SysCtlIntRegister) refers to interrupt.o(i.IntRegister) for IntRegister
    sysctl.o(i.SysCtlIntRegister) refers to interrupt.o(i.IntEnable) for IntEnable
    sysctl.o(i.SysCtlIntUnregister) refers to interrupt.o(i.IntDisable) for IntDisable
    sysctl.o(i.SysCtlIntUnregister) refers to interrupt.o(i.IntUnregister) for IntUnregister
    sysctl.o(i.SysCtlSleep) refers to cpu.o(.emb_text) for CPUwfi
    uart.o(i.UARTIntRegister) refers to interrupt.o(i.IntRegister) for IntRegister
    uart.o(i.UARTIntRegister) refers to interrupt.o(i.IntEnable) for IntEnable
    uart.o(i.UARTIntRegister) refers to uart.o(.constdata) for .constdata
    uart.o(i.UARTIntUnregister) refers to interrupt.o(i.IntDisable) for IntDisable
    uart.o(i.UARTIntUnregister) refers to interrupt.o(i.IntUnregister) for IntUnregister
    uart.o(i.UARTIntUnregister) refers to uart.o(.constdata) for .constdata
    entry.o(.ARM.Collect$$$$00000000) refers (Special) to entry10a.o(.ARM.Collect$$$$0000000D) for __rt_final_cpp
    entry.o(.ARM.Collect$$$$00000000) refers (Special) to entry11a.o(.ARM.Collect$$$$0000000F) for __rt_final_exit
    entry.o(.ARM.Collect$$$$00000000) refers (Special) to entry7b.o(.ARM.Collect$$$$00000008) for _main_clock
    entry.o(.ARM.Collect$$$$00000000) refers (Special) to entry8b.o(.ARM.Collect$$$$0000000A) for _main_cpp_init
    entry.o(.ARM.Collect$$$$00000000) refers (Special) to entry9a.o(.ARM.Collect$$$$0000000B) for _main_init
    entry.o(.ARM.Collect$$$$00000000) refers (Special) to entry5.o(.ARM.Collect$$$$00000004) for _main_scatterload
    entry.o(.ARM.Collect$$$$00000000) refers (Special) to entry2.o(.ARM.Collect$$$$00000001) for _main_stk
    entry2.o(.ARM.Collect$$$$00000001) refers to entry2.o(.ARM.Collect$$$$00002712) for __lit__00000000
    entry2.o(.ARM.Collect$$$$00002712) refers to startup_rvmdk.o(STACK) for __initial_sp
    entry2.o(__vectab_stack_and_reset_area) refers to startup_rvmdk.o(STACK) for __initial_sp
    entry2.o(__vectab_stack_and_reset_area) refers to entry.o(.ARM.Collect$$$$00000000) for __main
    entry5.o(.ARM.Collect$$$$00000004) refers to init.o(.text) for __scatterload
    entry9a.o(.ARM.Collect$$$$0000000B) refers to main.o(i.main) for main
    entry9a.o(.ARM.Collect$$$$0000000B) refers to temperature_sensor.o(i.main) for main
    entry9b.o(.ARM.Collect$$$$0000000C) refers to main.o(i.main) for main
    entry9b.o(.ARM.Collect$$$$0000000C) refers to temperature_sensor.o(i.main) for main
    init.o(.text) refers to entry5.o(.ARM.Collect$$$$00000004) for __main_after_scatterload

