<html>
<body>
<pre>
<h1>µVision Build Log</h1>
<h2>Project:</h2>
C:\Users\P\Documents\Senior Design\lab3alarm2\ST7735.uvproj
Project File Date:  09/20/2016

<h2>Output:</h2>
Rebuild target 'ST7735'
assembling startup.s...
compiling PLL.c...
compiling ST7735.c...
compiling SysTick.c...
compiling Switch.c...
compiling LCDscreen.c...
compiling Timer0A.c...
compiling speaker.c...
compiling PWM.c...
compiling main.c...
linking...
Program Size: Code=6532 RO-data=2636 RW-data=84 ZI-data=1028  
".\ST7735.axf" - 0 Error(s), 0 Warning(s).
Load "C:\\Users\\P\\Documents\\Senior Design\\lab3alarm2\\ST7735.axf" 
Connecting: Mode=JTAG, Speed=1000000Hz
Erase Done.
Programming Done.
Verify OK.
</pre>
</body>
</html>
nts\\Senior Design\\lab3alarm2\\ST7735.axf" 
Connecting: Mode=JTAG, Speed=1000000Hz
Erase Done.
Programming Done.
Verify OK.
1000000Hz
Erase Done.
Programming Done.
Verify OK.
Load "C:\\Users\\P\\Documents\\Senior Design\\lab3alarm2\\ST7735.axf" 
Connecting: Mode=JTAG, Speed=1000000Hz
Erase Done.
Programming Done.
Verify OK.
Load "C:\\Users\\P\\Documents\\Senior Design\\lab3alarm2\\ST7735.axf" 
Connecting: Mode=JTAG, Speed=1000000Hz
Erase Done.
Programming Done.
Verify OK.
