<html>
<body>
<pre>
<h1>µVision Build Log</h1>
<h2>Project:</h2>
C:\Users\salim\Documents\445L\445L\lab3\ADCSWTrigger.uvproj
Project File Date:  09/15/2016

<h2>Output:</h2>
Rebuild target 'ADCSWTrigger'
assembling startup.s...
compiling ADCSWTrigger.c...
compiling ADCTestMain.c...
Timer1.h(34): warning:  #1295-D: Deprecated declaration Timer1_Init - give arg types
  void Timer1_Init();
ADCTestMain.c(171): warning:  #550-D: variable "jitter" was set but never used
        uint32_t jitter = 0;
ADCTestMain.c: 2 warnings, 0 errors
compiling PLL.c...
compiling Timer1.c...
compiling ST7735.c...
compiling Switch.c...
compiling speaker.c...
speaker.c(14): warning:  #1-D: last line of file ends without a newline
  }
speaker.c: 1 warning, 0 errors
compiling SysTick.c...
linking...
Program Size: Code=2432 RO-data=32 RW-data=12 ZI-data=25500  
".\ADCSWTrigger.axf" - 0 Error(s), 3 Warning(s).
</pre>
</body>
</html>
red from switch.o).
Not enough information to list image symbols.
Finished: 1 information, 0 warning and 2 error messages.
".\ADCSWTrigger.axf" - 2 Error(s), 3 Warning(s).
Target not created
 2 information, 0 warning and 2 error messages.
".\ADCSWTrigger.axf" - 2 Error(s), 3 Warning(s).
Target not created
