<html>
<body>
<pre>
<h1>µVision Build Log</h1>
<h2>Project:</h2>
C:\Users\salim\Documents\445L\445L\lab3_3\alarmclockmain.uvproj
Project File Date:  09/19/2016

<h2>Output:</h2>
Rebuild target 'Target 1'
compiling PLL.c...
compiling speaker.c...
compiling ST7735.c...
compiling Switch.c...
compiling SysTick.c...
compiling main.c...
compiling Timer0A.c...
assembling startup.s...
compiling PWM.c...
compiling LCDscreen.c...
linking...
Program Size: Code=10246 RO-data=2062 RW-data=88 ZI-data=1384  
".\alarmclockmain.axf" - 0 Error(s), 0 Warning(s).
</pre>
</body>
</html>
